src/index.ts(176,1): error TS1005: '}' expected.
