============================= test session starts =============================
platform win32 -- Python 3.13.5, pytest-8.4.1, pluggy-1.6.0
rootdir: C:\Users\rober\.claude-worktrees\Wingman\hardcore-hopper\backend
configfile: pyproject.toml
plugins: anyio-3.7.1, Faker-40.1.0, hydra-core-1.3.2, hypothesis-6.137.1, asyncio-1.1.0, cov-6.2.1, requests-mock-1.12.1
asyncio: mode=Mode.AUTO, asyncio_default_fixture_loop_scope=None, asyncio_default_test_loop_scope=function
collected 76 items

tests\test_auth_oidc.py FFE...                                           [  7%]
tests\test_auth_rbac.py ........FF.                                      [ 22%]
tests\test_audit_logging.py ..........                                   [ 35%]
tests\test_plugin_manifest.py ..........                                 [ 48%]
tests\test_plugin_loader.py ...F..F                                      [ 57%]
tests\test_dashboard_components.py ...........                           [ 72%]
tests\test_dashboard_queries.py ...........                              [ 86%]
tests\test_dashboard_schema.py .F........                                [100%]

=================================== ERRORS ====================================
____________ ERROR at setup of TestOIDCClient.test_client_creation ____________
E   pydantic_core._pydantic_core.ValidationError: 1 validation error for OIDCConfig
    issuer
      Field required [type=missing, input_value={'issuer_url': 'https://a...ocalhost:8000/callback'}, input_type=dict]
        For further information visit https://errors.pydantic.dev/2.9/v/missing
================================== FAILURES ===================================
C:\Users\rober\.claude-worktrees\Wingman\hardcore-hopper\backend\tests\test_auth_oidc.py:17: pydantic_core._pydantic_core.ValidationError: 1 validation error for OIDCConfig
C:\Users\rober\.claude-worktrees\Wingman\hardcore-hopper\backend\tests\test_auth_oidc.py:29: pydantic_core._pydantic_core.ValidationError: 1 validation error for OIDCConfig
C:\Python313\Lib\enum.py:1203: ValueError: <MagicMock name='mock.__getitem__()' id='1701751116128'> is not a valid Role
C:\Python313\Lib\enum.py:1203: ValueError: <MagicMock name='mock.__getitem__()' id='1701751117808'> is not a valid Role
C:\Users\rober\.claude-worktrees\Wingman\hardcore-hopper\backend\tests\test_plugin_loader.py:110: assert 0 == 2
C:\Users\rober\.claude-worktrees\Wingman\hardcore-hopper\backend\tests\test_plugin_loader.py:138: TypeError: infer_trust_level() missing 1 required positional argument: 'base_dir'
C:\Users\rober\.claude-worktrees\Wingman\hardcore-hopper\backend\tests\test_dashboard_schema.py:33: pydantic_core._pydantic_core.ValidationError: 1 validation error for ComponentSpec
=========================== short test summary info ===========================
FAILED tests/test_auth_oidc.py::TestOIDCConfig::test_config_creation - pydant...
FAILED tests/test_auth_oidc.py::TestOIDCConfig::test_config_with_scopes - pyd...
FAILED tests/test_auth_rbac.py::TestRequirePermissionDecorator::test_require_permission_success
FAILED tests/test_auth_rbac.py::TestRequirePermissionDecorator::test_require_permission_denied
FAILED tests/test_plugin_loader.py::TestDiscoverPlugins::test_discover_plugins_in_directory
FAILED tests/test_plugin_loader.py::TestInferTrustLevel::test_returns_trust_level
FAILED tests/test_dashboard_schema.py::TestComponentSpec::test_component_spec_fields
ERROR tests/test_auth_oidc.py::TestOIDCClient::test_client_creation - pydanti...
==================== 7 failed, 68 passed, 1 error in 1.19s ====================
